8,4,2,1

9,28,14,7,22,11,34,17,52,26,13,40,20,10,5,16,8,4,2,1

10,5,16,8,4,2,1

11,34,17,52,26,13,40,20,10,5,16,8,4,2,1
